---
source: ja4/src/lib.rs
expression: output
---
- stream: 0
  transport: tcp
  src: 192.168.133.129
  dst: 34.117.237.239
  src_port: 36372
  dst_port: 443
  tls_server_name: contile.services.mozilla.com
  ja4: t13d1715h2_5b57614c22b0_3d5424432f57

