---
source: ja4/src/lib.rs
expression: output
---
- stream: 7
  transport: tcp
  src: 192.168.1.169
  dst: 54.190.49.36
  src_port: 63248
  dst_port: 443
  tls_server_name: darksail.ai
  ja4: t13d1516h2_8daaf6152771_e5627efa2ab1
  ja4s: t130200_1301_a56c5b993250
  ja4l_c: 16_128
  ja4l_s: 34615_35
- stream: 8
  transport: tcp
  src: 192.168.1.169
  dst: 23.222.12.9
  src_port: 63249
  dst_port: 80
  ja4l_c: 14_128
  ja4l_s: 3181_57
  http:
  - ja4h: ge11nn07enus_3e3b55d61660_000000000000_000000000000
- stream: 9
  transport: tcp
  src: 192.168.1.169
  dst: 54.190.49.36
  src_port: 63250
  dst_port: 443
  tls_server_name: darksail.ai
  ja4: t13d1516h2_8daaf6152771_9b887d9acb53
  ja4s: t130300_1301_0ee26285a86f
  ja4l_c: 13_128
  ja4l_s: 36549_35
- stream: 10
  transport: tcp
  src: 192.168.1.169
  dst: 54.190.49.36
  src_port: 63251
  dst_port: 443
  tls_server_name: darksail.ai
  ja4: t13d1516h2_8daaf6152771_9b887d9acb53
  ja4s: t130300_1301_0ee26285a86f
  ja4l_c: 15_128
  ja4l_s: 34691_38
- stream: 11
  transport: tcp
  src: 192.168.1.169
  dst: 104.21.234.234
  src_port: 63252
  dst_port: 443
  tls_server_name: rsms.me
  ja4: t13d1516h2_8daaf6152771_9b887d9acb53
  ja4s: t130300_1301_6bbbaf601ed8
  ja4l_c: 15_128
  ja4l_s: 2442_57
- stream: 12
  transport: tcp
  src: 192.168.1.169
  dst: 54.190.49.36
  src_port: 63253
  dst_port: 443
  tls_server_name: darksail.ai
  ja4: t13d1516h2_8daaf6152771_e5627efa2ab1
  ja4s: t130200_1301_a56c5b993250
  ja4l_c: 11_128
  ja4l_s: 36498_35
- stream: 13
  transport: tcp
  src: 192.168.1.169
  dst: 54.190.49.36
  src_port: 63254
  dst_port: 443
  tls_server_name: darksail.ai
  ja4: t13d1516h2_8daaf6152771_e5627efa2ab1
  ja4s: t130200_1301_a56c5b993250
  ja4l_c: 15_128
  ja4l_s: 33515_32
- stream: 14
  transport: tcp
  src: 192.168.1.169
  dst: 54.190.49.36
  src_port: 63255
  dst_port: 443
  tls_server_name: darksail.ai
  ja4: t13d1516h2_8daaf6152771_e5627efa2ab1
  ja4s: t130200_1301_a56c5b993250
  ja4l_c: 11_128
  ja4l_s: 33738_33
- stream: 21
  transport: udp
  src: 192.168.1.169
  dst: 172.253.122.95
  src_port: 62481
  dst_port: 443
  tls_server_name: fonts.googleapis.com
  ja4: q13d0310h3_55b375c5d22e_cd85d2d88918
  ja4s: q130200_1301_234ea6891581
  ja4l_c: 59_128
  ja4l_s: 4213_59
- stream: 22
  transport: udp
  src: 192.168.1.169
  dst: 104.21.234.234
  src_port: 61732
  dst_port: 443
  tls_server_name: rsms.me
  ja4: q13d0310h3_55b375c5d22e_cd85d2d88918
  ja4s: q130200_1301_234ea6891581
  ja4l_c: 336_128
  ja4l_s: 5580_57
- stream: 23
  transport: udp
  src: 192.168.1.169
  dst: 151.101.1.229
  src_port: 49791
  dst_port: 443
  tls_server_name: cdn.jsdelivr.net
  ja4: q13d0310h3_55b375c5d22e_cd85d2d88918
  ja4s: q130200_1301_a56c5b993250
  ja4l_c: 40_128
  ja4l_s: 4455_58
- stream: 24
  transport: udp
  src: 192.168.1.169
  dst: 104.17.24.14
  src_port: 56684
  dst_port: 443
  tls_server_name: cdnjs.cloudflare.com
  ja4: q13d0310h3_55b375c5d22e_cd85d2d88918
  ja4s: q130200_1301_234ea6891581
  ja4l_c: 59_128
  ja4l_s: 3590_57
- stream: 25
  transport: udp
  src: 192.168.1.169
  dst: 104.21.234.234
  src_port: 61884
  dst_port: 443
  tls_server_name: rsms.me
  ja4: q13d0311h3_55b375c5d22e_3512bcbbc9ec
  ja4s: q130300_1301_6bbbaf601ed8
- stream: 28
  transport: udp
  src: 192.168.1.169
  dst: 142.251.111.94
  src_port: 58117
  dst_port: 443
  tls_server_name: fonts.gstatic.com
  ja4: q13d0310h3_55b375c5d22e_cd85d2d88918
  ja4s: q130200_1301_234ea6891581
  ja4l_c: 45_128
  ja4l_s: 3298_58

