---
source: ja4/src/lib.rs
expression: output
---
- stream: 0
  transport: tcp
  src: 192.168.1.168
  dst: 142.251.16.94
  src_port: 50112
  dst_port: 443
  tls_server_name: clientservices.googleapis.com
  ja4: t13d1516h2_8daaf6152771_e5627efa2ab1
  ja4s: t130200_1301_234ea6891581
- stream: 1
  transport: tcp
  src: 192.168.1.168
  dst: 142.251.163.147
  src_port: 50113
  dst_port: 443
  tls_server_name: www.google.com
  ja4: t13d1516h2_8daaf6152771_e5627efa2ab1
  ja4s: t130200_1301_234ea6891581
- stream: 2
  transport: tcp
  src: 192.168.1.168
  dst: 172.253.122.84
  src_port: 50114
  dst_port: 443
  tls_server_name: accounts.google.com
  ja4: t13d1516h2_8daaf6152771_e5627efa2ab1
  ja4s: t130200_1301_234ea6891581
- stream: 3
  transport: tcp
  src: 192.168.1.168
  dst: 142.251.16.95
  src_port: 50115
  dst_port: 443
  tls_server_name: www.googleapis.com
  ja4: t13d1516h2_8daaf6152771_e5627efa2ab1
  ja4s: t130200_1301_234ea6891581
- stream: 4
  transport: tcp
  src: 192.168.1.168
  dst: 104.112.30.74
  src_port: 50116
  dst_port: 443
  tls_server_name: lastpass.com
  ja4: t13d1516h2_8daaf6152771_e5627efa2ab1
  ja4s: t130200_1302_a56c5b993250
- stream: 5
  transport: tcp
  src: 192.168.1.168
  dst: 192.241.241.147
  src_port: 50122
  dst_port: 443
  tls_server_name: lp-push-server-452.lastpass.com
  ja4: t13d1516h1_8daaf6152771_e5627efa2ab1
  ja4s: t120300_c030_bec8bdbaef8a
  tls_certs:
  - x509:
    - ja4x: a373a9f83c6b_2bab15409345_5a6862e71bea
      issuerCountryName: BE
      issuerOrganizationName: GlobalSign nv-sa
      issuerCommonName: GlobalSign RSA OV SSL CA 2018
      subjectCountryName: US
      subjectStateOrProvinceName: Massachusetts
      subjectLocalityName: Boston
      subjectOrganizationName: LASTPASS US LP
      subjectCommonName: '*.lastpass.com'
    - ja4x: 0b479b1b5763_a373a9f83c6b_2fbee3f04f3b
      issuerOrganizationalUnit: GlobalSign Root CA - R3
      issuerOrganizationName: GlobalSign
      issuerCommonName: GlobalSign
      subjectCountryName: BE
      subjectOrganizationName: GlobalSign nv-sa
      subjectCommonName: GlobalSign RSA OV SSL CA 2018
- stream: 6
  transport: tcp
  src: 192.168.1.168
  dst: 142.251.163.188
  src_port: 50123
  dst_port: 5228
  tls_server_name: mtalk.google.com
  ja4: t13d151400_8daaf6152771_de4a06bb82e3
  ja4s: t130200_1301_234ea6891581
- stream: 7
  transport: tcp
  src: 192.168.1.168
  dst: 172.253.122.94
  src_port: 50126
  dst_port: 443
  tls_server_name: www.gstatic.com
  ja4: t13d1516h2_8daaf6152771_e5627efa2ab1
  ja4s: t130200_1301_234ea6891581
- stream: 8
  transport: tcp
  src: 192.168.1.168
  dst: 142.251.16.100
  src_port: 50127
  dst_port: 443
  tls_server_name: ogs.google.com
  ja4: t13d1516h2_8daaf6152771_e5627efa2ab1
  ja4s: t130200_1301_234ea6891581
- stream: 9
  transport: tcp
  src: 192.168.1.168
  dst: 142.251.111.101
  src_port: 50128
  dst_port: 443
  tls_server_name: aa.google.com
  ja4: t13d1516h2_8daaf6152771_e5627efa2ab1
  ja4s: t130200_1301_234ea6891581
- stream: 10
  transport: tcp
  src: 192.168.1.168
  dst: 142.251.163.95
  src_port: 50130
  dst_port: 443
  tls_server_name: safebrowsing.googleapis.com
  ja4: t13d1516h2_8daaf6152771_e5627efa2ab1
  ja4s: t130200_1301_234ea6891581
- stream: 11
  transport: tcp
  src: 192.168.1.168
  dst: 31.13.66.35
  src_port: 50131
  dst_port: 443
  tls_server_name: www.facebook.com
  ja4: t13d1516h2_8daaf6152771_e5627efa2ab1
  ja4s: t130200_1301_a56c5b993250
- stream: 12
  transport: tcp
  src: 192.168.1.168
  dst: 157.240.229.1
  src_port: 50134
  dst_port: 443
  tls_server_name: static.xx.fbcdn.net
  ja4: t13d1516h2_8daaf6152771_e5627efa2ab1
  ja4s: t130200_1301_a56c5b993250
- stream: 13
  transport: tcp
  src: 192.168.1.168
  dst: 157.240.229.1
  src_port: 50132
  dst_port: 443
  tls_server_name: static.xx.fbcdn.net
  ja4: t13d1516h2_8daaf6152771_e5627efa2ab1
  ja4s: t130200_1301_a56c5b993250
- stream: 14
  transport: tcp
  src: 192.168.1.168
  dst: 157.240.229.1
  src_port: 50135
  dst_port: 443
  tls_server_name: static.xx.fbcdn.net
  ja4: t13d1516h2_8daaf6152771_e5627efa2ab1
  ja4s: t130200_1301_a56c5b993250
- stream: 15
  transport: tcp
  src: 192.168.1.168
  dst: 157.240.229.1
  src_port: 50133
  dst_port: 443
  tls_server_name: static.xx.fbcdn.net
  ja4: t13d1516h2_8daaf6152771_e5627efa2ab1
  ja4s: t130200_1301_a56c5b993250
- stream: 16
  transport: tcp
  src: 192.168.1.168
  dst: 157.240.229.1
  src_port: 50136
  dst_port: 443
  tls_server_name: static.xx.fbcdn.net
  ja4: t13d1516h2_8daaf6152771_e5627efa2ab1
  ja4s: t130200_1301_a56c5b993250
- stream: 17
  transport: tcp
  src: 192.168.1.168
  dst: 157.240.229.1
  src_port: 50137
  dst_port: 443
  tls_server_name: static.xx.fbcdn.net
  ja4: t13d1516h2_8daaf6152771_e5627efa2ab1
  ja4s: t130200_1301_a56c5b993250
- stream: 18
  transport: tcp
  src: 192.168.1.168
  dst: 157.240.229.1
  src_port: 50139
  dst_port: 443
  tls_server_name: scontent-iad3-2.xx.fbcdn.net
  ja4: t13d1516h2_8daaf6152771_e5627efa2ab1
  ja4s: t130200_1301_a56c5b993250
- stream: 19
  transport: tcp
  src: 192.168.1.168
  dst: 31.13.66.2
  src_port: 50140
  dst_port: 443
  tls_server_name: gateway.facebook.com
  ja4: t13d1516h1_8daaf6152771_e5627efa2ab1
  ja4s: t130200_1301_a56c5b993250
- stream: 20
  transport: tcp
  src: 192.168.1.168
  dst: 157.240.241.1
  src_port: 50142
  dst_port: 443
  tls_server_name: scontent-lga3-2.xx.fbcdn.net
  ja4: t13d1516h2_8daaf6152771_e5627efa2ab1
  ja4s: t130200_1301_a56c5b993250
- stream: 21
  transport: tcp
  src: 192.168.1.168
  dst: 157.240.14.19
  src_port: 50141
  dst_port: 443
  tls_server_name: scontent-mia3-2.xx.fbcdn.net
  ja4: t13d1516h2_8daaf6152771_e5627efa2ab1
  ja4s: t130200_1301_a56c5b993250
- stream: 22
  transport: tcp
  src: 192.168.1.168
  dst: 208.255.115.145
  src_port: 50143
  dst_port: 443
  tls_server_name: scontent.fewr1-6.fna.fbcdn.net
  ja4: t13d1516h2_8daaf6152771_e5627efa2ab1
  ja4s: t130200_1301_a56c5b993250
- stream: 23
  transport: tcp
  src: 192.168.1.168
  dst: 157.240.229.2
  src_port: 50145
  dst_port: 443
  tls_server_name: video-iad3-2.xx.fbcdn.net
  ja4: t13d1516h2_8daaf6152771_e5627efa2ab1
  ja4s: t130200_1301_a56c5b993250
- stream: 24
  transport: tcp
  src: 192.168.1.168
  dst: 157.240.229.2
  src_port: 50146
  dst_port: 443
  tls_server_name: video-iad3-2.xx.fbcdn.net
  ja4: t13d1516h2_8daaf6152771_e5627efa2ab1
  ja4s: t130200_1301_a56c5b993250
- stream: 25
  transport: tcp
  src: 192.168.1.168
  dst: 157.240.229.2
  src_port: 50144
  dst_port: 443
  tls_server_name: video-iad3-2.xx.fbcdn.net
  ja4: t13d1516h2_8daaf6152771_e5627efa2ab1
  ja4s: t130200_1301_a56c5b993250
- stream: 26
  transport: tcp
  src: 192.168.1.168
  dst: 157.240.229.2
  src_port: 50147
  dst_port: 443
  tls_server_name: video-iad3-2.xx.fbcdn.net
  ja4: t13d1516h2_8daaf6152771_e5627efa2ab1
  ja4s: t130200_1301_a56c5b993250
- stream: 27
  transport: tcp
  src: 192.168.1.168
  dst: 157.240.229.2
  src_port: 50148
  dst_port: 443
  tls_server_name: video-iad3-2.xx.fbcdn.net
  ja4: t13d1516h2_8daaf6152771_e5627efa2ab1
  ja4s: t130200_1301_a56c5b993250
- stream: 28
  transport: tcp
  src: 192.168.1.168
  dst: 157.240.229.2
  src_port: 50149
  dst_port: 443
  tls_server_name: video-iad3-2.xx.fbcdn.net
  ja4: t13d1516h2_8daaf6152771_e5627efa2ab1
  ja4s: t130200_1301_a56c5b993250
- stream: 29
  transport: tcp
  src: 192.168.1.168
  dst: 142.251.163.95
  src_port: 50151
  dst_port: 443
  tls_server_name: content-autofill.googleapis.com
  ja4: t13d1516h2_8daaf6152771_e5627efa2ab1
  ja4s: t130200_1301_234ea6891581
- stream: 30
  transport: tcp
  src: 192.168.1.168
  dst: 157.240.229.17
  src_port: 50152
  dst_port: 443
  tls_server_name: edge-chat.facebook.com
  ja4: t13d1516h1_8daaf6152771_e5627efa2ab1
  ja4s: t130200_1301_a56c5b993250
- stream: 31
  transport: tcp
  src: 192.168.1.168
  dst: 157.240.229.17
  src_port: 50153
  dst_port: 443
  tls_server_name: edge-chat.facebook.com
  ja4: t13d1517h1_8daaf6152771_6cdcb247c39b
  ja4s: t130300_1301_0ee26285a86f
- stream: 32
  transport: tcp
  src: 192.168.1.168
  dst: 23.50.125.163
  src_port: 50155
  dst_port: 443
  tls_server_name: www.microsoft.com
  ja4: t13d1516h2_8daaf6152771_e5627efa2ab1
  ja4s: t130200_1302_a56c5b993250
- stream: 33
  transport: tcp
  src: 192.168.1.168
  dst: 23.218.218.147
  src_port: 50157
  dst_port: 443
  tls_server_name: statics-marketingsites-eus-ms-com.akamaized.net
  ja4: t13d1516h2_8daaf6152771_e5627efa2ab1
  ja4s: t1206h1_c02b_9bd66850b8f2
  tls_certs:
  - x509:
    - ja4x: a373a9f83c6b_2bab15409345_7bf9a7bf7029
      issuerCountryName: US
      issuerOrganizationName: DigiCert Inc
      issuerCommonName: DigiCert TLS RSA SHA256 2020 CA1
      subjectCountryName: US
      subjectStateOrProvinceName: Massachusetts
      subjectLocalityName: Cambridge
      subjectOrganizationName: Akamai Technologies, Inc.
      subjectCommonName: a248.e.akamai.net
    - ja4x: 7d5dbb3783b4_a373a9f83c6b_a83ffcd6e6c2
      issuerCountryName: US
      issuerOrganizationName: DigiCert Inc
      issuerOrganizationalUnit: www.digicert.com
      issuerCommonName: DigiCert Global Root CA
      subjectCountryName: US
      subjectOrganizationName: DigiCert Inc
      subjectCommonName: DigiCert TLS RSA SHA256 2020 CA1
- stream: 34
  transport: tcp
  src: 192.168.1.168
  dst: 23.218.218.171
  src_port: 50158
  dst_port: 443
  tls_server_name: img-prod-cms-rt-microsoft-com.akamaized.net
  ja4: t13d1516h2_8daaf6152771_e5627efa2ab1
  ja4s: t1206h2_c02b_9bd66850b8f2
  tls_certs:
  - x509:
    - ja4x: a373a9f83c6b_2bab15409345_7bf9a7bf7029
      issuerCountryName: US
      issuerOrganizationName: DigiCert Inc
      issuerCommonName: DigiCert TLS RSA SHA256 2020 CA1
      subjectCountryName: US
      subjectStateOrProvinceName: Massachusetts
      subjectLocalityName: Cambridge
      subjectOrganizationName: Akamai Technologies, Inc.
      subjectCommonName: a248.e.akamai.net
    - ja4x: 7d5dbb3783b4_a373a9f83c6b_a83ffcd6e6c2
      issuerCountryName: US
      issuerOrganizationName: DigiCert Inc
      issuerOrganizationalUnit: www.digicert.com
      issuerCommonName: DigiCert Global Root CA
      subjectCountryName: US
      subjectOrganizationName: DigiCert Inc
      subjectCommonName: DigiCert TLS RSA SHA256 2020 CA1
- stream: 35
  transport: tcp
  src: 192.168.1.168
  dst: 23.212.251.12
  src_port: 50160
  dst_port: 443
  tls_server_name: cdn-dynmedia-1.microsoft.com
  ja4: t13d1516h2_8daaf6152771_e5627efa2ab1
  ja4s: t130200_1302_a56c5b993250
- stream: 36
  transport: tcp
  src: 192.168.1.168
  dst: 23.212.251.12
  src_port: 50162
  dst_port: 443
  tls_server_name: cdn-dynmedia-1.microsoft.com
  ja4: t13d1516h2_8daaf6152771_e5627efa2ab1
  ja4s: t130200_1302_a56c5b993250
- stream: 37
  transport: tcp
  src: 192.168.1.168
  dst: 23.212.251.12
  src_port: 50161
  dst_port: 443
  tls_server_name: cdn-dynmedia-1.microsoft.com
  ja4: t13d1516h2_8daaf6152771_e5627efa2ab1
  ja4s: t130200_1302_a56c5b993250
- stream: 38
  transport: tcp
  src: 192.168.1.168
  dst: 13.107.237.40
  src_port: 50159
  dst_port: 443
  tls_server_name: mem.gfx.ms
  ja4: t13d1516h2_8daaf6152771_e5627efa2ab1
  ja4s: t130200_1302_a56c5b993250
- stream: 39
  transport: tcp
  src: 192.168.1.168
  dst: 18.67.65.105
  src_port: 50163
  dst_port: 443
  tls_server_name: via.placeholder.com
  ja4: t13d1516h2_8daaf6152771_e5627efa2ab1
  ja4s: t130200_1301_a56c5b993250
- stream: 40
  transport: tcp
  src: 192.168.1.168
  dst: 13.107.237.40
  src_port: 50164
  dst_port: 443
  tls_server_name: wcpstatic.microsoft.com
  ja4: t13d1516h2_8daaf6152771_e5627efa2ab1
  ja4s: t1206h2_c02f_46cf7c3c6b8f
  tls_certs:
  - x509:
    - ja4x: a373a9f83c6b_2bab15409345_7bf9a7bf7029
      issuerCountryName: US
      issuerOrganizationName: DigiCert Inc
      issuerCommonName: DigiCert TLS RSA SHA256 2020 CA1
      subjectCountryName: US
      subjectStateOrProvinceName: Washington
      subjectLocalityName: Redmond
      subjectOrganizationName: Microsoft Corporation
      subjectCommonName: wcpstatic.microsoft.com
    - ja4x: 7d5dbb3783b4_a373a9f83c6b_a83ffcd6e6c2
      issuerCountryName: US
      issuerOrganizationName: DigiCert Inc
      issuerOrganizationalUnit: www.digicert.com
      issuerCommonName: DigiCert Global Root CA
      subjectCountryName: US
      subjectOrganizationName: DigiCert Inc
      subjectCommonName: DigiCert TLS RSA SHA256 2020 CA1
    - ja4x: 7d5dbb3783b4_7d5dbb3783b4_f269f029c206
      issuerCountryName: US
      issuerOrganizationName: DigiCert Inc
      issuerOrganizationalUnit: www.digicert.com
      issuerCommonName: DigiCert Global Root CA
      subjectCountryName: US
      subjectOrganizationName: DigiCert Inc
      subjectOrganizationalUnit: www.digicert.com
      subjectCommonName: DigiCert Global Root CA
- stream: 41
  transport: tcp
  src: 192.168.1.168
  dst: 13.107.238.40
  src_port: 50165
  dst_port: 443
  tls_server_name: js.monitor.azure.com
  ja4: t13d1516h2_8daaf6152771_e5627efa2ab1
  ja4s: t130200_1302_a56c5b993250
- stream: 42
  transport: tcp
  src: 192.168.1.168
  dst: 13.107.237.40
  src_port: 50166
  dst_port: 443
  tls_server_name: mem.gfx.ms
  ja4: t13d1516h2_8daaf6152771_e5627efa2ab1
  ja4s: t130200_1302_a56c5b993250
- stream: 43
  transport: tcp
  src: 192.168.1.168
  dst: 40.126.24.84
  src_port: 50167
  dst_port: 443
  tls_server_name: login.live.com
  ja4: t13d1516h2_8daaf6152771_e5627efa2ab1
  ja4s: t120400_c030_4e8089b08790
- stream: 44
  transport: tcp
  src: 192.168.1.168
  dst: 13.107.238.40
  src_port: 50168
  dst_port: 443
  tls_server_name: logincdn.msauth.net
  ja4: t13d1516h2_8daaf6152771_e5627efa2ab1
  ja4s: t130200_1302_a56c5b993250
- stream: 45
  transport: tcp
  src: 192.168.1.168
  dst: 13.107.237.40
  src_port: 50169
  dst_port: 443
  tls_server_name: mem.gfx.ms
  ja4: t13d1516h2_8daaf6152771_e5627efa2ab1
  ja4s: t130200_1302_a56c5b993250
- stream: 46
  transport: tcp
  src: 192.168.1.168
  dst: 3.223.179.120
  src_port: 50170
  dst_port: 443
  tls_server_name: target.microsoft.com
  ja4: t13d1516h2_8daaf6152771_e5627efa2ab1
  ja4s: t1204h2_c02f_1428ce7b4018
  tls_certs:
  - x509:
    - ja4x: a373a9f83c6b_2bab15409345_7bf9a7bf7029
      issuerCountryName: US
      issuerOrganizationName: DigiCert Inc
      issuerCommonName: DigiCert TLS RSA SHA256 2020 CA1
      subjectCountryName: US
      subjectStateOrProvinceName: California
      subjectLocalityName: San Jose
      subjectOrganizationName: Adobe Systems Incorporated
      subjectCommonName: target.microsoft.com
    - ja4x: 7d5dbb3783b4_a373a9f83c6b_a83ffcd6e6c2
      issuerCountryName: US
      issuerOrganizationName: DigiCert Inc
      issuerOrganizationalUnit: www.digicert.com
      issuerCommonName: DigiCert Global Root CA
      subjectCountryName: US
      subjectOrganizationName: DigiCert Inc
      subjectCommonName: DigiCert TLS RSA SHA256 2020 CA1
    - ja4x: 7d5dbb3783b4_7d5dbb3783b4_f269f029c206
      issuerCountryName: US
      issuerOrganizationName: DigiCert Inc
      issuerOrganizationalUnit: www.digicert.com
      issuerCommonName: DigiCert Global Root CA
      subjectCountryName: US
      subjectOrganizationName: DigiCert Inc
      subjectOrganizationalUnit: www.digicert.com
      subjectCommonName: DigiCert Global Root CA
- stream: 47
  transport: tcp
  src: 192.168.1.168
  dst: 23.55.200.211
  src_port: 50172
  dst_port: 443
  tls_server_name: www.apple.com
  ja4: t13d1516h2_8daaf6152771_e5627efa2ab1
  ja4s: t130200_1302_a56c5b993250
- stream: 48
  transport: tcp
  src: 192.168.1.168
  dst: 23.62.168.26
  src_port: 50175
  dst_port: 443
  tls_server_name: is1-ssl.mzstatic.com
  ja4: t13d1516h2_8daaf6152771_e5627efa2ab1
  ja4s: t130200_1302_a56c5b993250
- stream: 49
  transport: tcp
  src: 192.168.1.168
  dst: 23.62.168.26
  src_port: 50174
  dst_port: 443
  tls_server_name: is1-ssl.mzstatic.com
  ja4: t13d1516h2_8daaf6152771_e5627efa2ab1
  ja4s: t130200_1302_a56c5b993250
- stream: 50
  transport: tcp
  src: 192.168.1.168
  dst: 23.62.168.26
  src_port: 50177
  dst_port: 443
  tls_server_name: is2-ssl.mzstatic.com
  ja4: t13d1516h2_8daaf6152771_e5627efa2ab1
  ja4s: t130200_1302_a56c5b993250
- stream: 51
  transport: tcp
  src: 192.168.1.168
  dst: 23.62.168.26
  src_port: 50176
  dst_port: 443
  tls_server_name: is2-ssl.mzstatic.com
  ja4: t13d1516h2_8daaf6152771_e5627efa2ab1
  ja4s: t130200_1302_a56c5b993250
- stream: 52
  transport: tcp
  src: 192.168.1.168
  dst: 23.62.168.26
  src_port: 50178
  dst_port: 443
  tls_server_name: is2-ssl.mzstatic.com
  ja4: t13d1516h2_8daaf6152771_e5627efa2ab1
  ja4s: t130200_1302_a56c5b993250
- stream: 53
  transport: tcp
  src: 192.168.1.168
  dst: 23.62.168.26
  src_port: 50180
  dst_port: 443
  tls_server_name: is3-ssl.mzstatic.com
  ja4: t13d1516h2_8daaf6152771_e5627efa2ab1
  ja4s: t130200_1302_a56c5b993250
- stream: 54
  transport: tcp
  src: 192.168.1.168
  dst: 23.62.168.26
  src_port: 50182
  dst_port: 443
  tls_server_name: is3-ssl.mzstatic.com
  ja4: t13d1516h2_8daaf6152771_e5627efa2ab1
  ja4s: t130200_1302_a56c5b993250
- stream: 55
  transport: tcp
  src: 192.168.1.168
  dst: 23.62.168.26
  src_port: 50181
  dst_port: 443
  tls_server_name: is3-ssl.mzstatic.com
  ja4: t13d1516h2_8daaf6152771_e5627efa2ab1
  ja4s: t130200_1302_a56c5b993250
- stream: 56
  transport: tcp
  src: 192.168.1.168
  dst: 23.62.168.26
  src_port: 50179
  dst_port: 443
  tls_server_name: is2-ssl.mzstatic.com
  ja4: t13d1516h2_8daaf6152771_e5627efa2ab1
  ja4s: t130200_1302_a56c5b993250
- stream: 57
  transport: tcp
  src: 192.168.1.168
  dst: 23.62.168.26
  src_port: 50183
  dst_port: 443
  tls_server_name: is5-ssl.mzstatic.com
  ja4: t13d1516h2_8daaf6152771_e5627efa2ab1
  ja4s: t130200_1302_a56c5b993250
- stream: 58
  transport: tcp
  src: 192.168.1.168
  dst: 172.253.63.95
  src_port: 50184
  dst_port: 443
  tls_server_name: content-autofill.googleapis.com
  ja4: t13d1516h2_8daaf6152771_e5627efa2ab1
  ja4s: t130200_1301_234ea6891581
- stream: 0
  transport: udp
  src: 192.168.1.168
  dst: 142.251.163.147
  src_port: 59102
  dst_port: 443
  tls_server_name: www.google.com
  ja4: q13d0310h3_55b375c5d22e_cd85d2d88918
  ja4s: q130200_1301_234ea6891581
- stream: 1
  transport: udp
  src: 192.168.1.168
  dst: 172.253.122.84
  src_port: 57816
  dst_port: 443
  tls_server_name: accounts.google.com
  ja4: q13d0310h3_55b375c5d22e_cd85d2d88918
  ja4s: q130200_1301_234ea6891581
- stream: 2
  transport: udp
  src: 192.168.1.168
  dst: 142.251.16.95
  src_port: 55945
  dst_port: 443
  tls_server_name: www.googleapis.com
  ja4: q13d0310h3_55b375c5d22e_cd85d2d88918
  ja4s: q130200_1301_234ea6891581
- stream: 3
  transport: udp
  src: 192.168.1.168
  dst: 142.251.163.94
  src_port: 49333
  dst_port: 443
  tls_server_name: update.googleapis.com
  ja4: q13d0310h3_55b375c5d22e_cd85d2d88918
  ja4s: q130200_1301_234ea6891581
- stream: 4
  transport: udp
  src: 192.168.1.168
  dst: 142.251.163.102
  src_port: 57662
  dst_port: 443
  tls_server_name: encrypted-tbn0.gstatic.com
  ja4: q13d0310h3_55b375c5d22e_cd85d2d88918
  ja4s: q130200_1301_234ea6891581
- stream: 5
  transport: udp
  src: 192.168.1.168
  dst: 142.251.111.101
  src_port: 60486
  dst_port: 443
  tls_server_name: history.google.com
  ja4: q13d0310h3_55b375c5d22e_cd85d2d88918
  ja4s: q130200_1301_234ea6891581
- stream: 6
  transport: udp
  src: 192.168.1.168
  dst: 172.253.122.94
  src_port: 60845
  dst_port: 443
  tls_server_name: www.gstatic.com
  ja4: q13d0310h3_55b375c5d22e_cd85d2d88918
  ja4s: q130200_1301_234ea6891581
- stream: 7
  transport: udp
  src: 192.168.1.168
  dst: 142.251.16.100
  src_port: 55906
  dst_port: 443
  tls_server_name: ogs.google.com
  ja4: q13d0310h3_55b375c5d22e_cd85d2d88918
  ja4s: q130200_1301_234ea6891581
- stream: 8
  transport: udp
  src: 192.168.1.168
  dst: 142.251.111.101
  src_port: 61836
  dst_port: 443
  tls_server_name: aa.google.com
  ja4: q13d0310h3_55b375c5d22e_cd85d2d88918
  ja4s: q130200_1301_234ea6891581
- stream: 9
  transport: udp
  src: 192.168.1.168
  dst: 172.253.63.95
  src_port: 59221
  dst_port: 443
  tls_server_name: content-autofill.googleapis.com
  ja4: q13d0310h3_55b375c5d22e_cd85d2d88918
  ja4s: q130200_1301_234ea6891581
- stream: 10
  transport: udp
  src: 192.168.1.168
  dst: 142.251.163.138
  src_port: 51905
  dst_port: 443
  tls_server_name: encrypted-tbn0.gstatic.com
  ja4: q13d0310h3_55b375c5d22e_cd85d2d88918
  ja4s: q130200_1301_234ea6891581
- stream: 11
  transport: udp
  src: 192.168.1.168
  dst: 142.251.163.95
  src_port: 51782
  dst_port: 443
  tls_server_name: safebrowsing.googleapis.com
  ja4: q13d0310h3_55b375c5d22e_cd85d2d88918
  ja4s: q130200_1301_234ea6891581
- stream: 12
  transport: udp
  src: 192.168.1.168
  dst: 157.240.229.1
  src_port: 61730
  dst_port: 443
  tls_server_name: scontent-iad3-2.xx.fbcdn.net
  ja4: q13d0310h3_55b375c5d22e_cd85d2d88918
  ja4s: q130200_1301_a56c5b993250
- stream: 13
  transport: udp
  src: 192.168.1.168
  dst: 157.240.229.1
  src_port: 54980
  dst_port: 443
  tls_server_name: static.xx.fbcdn.net
  ja4: q13d0310h3_55b375c5d22e_cd85d2d88918
  ja4s: q130200_1301_a56c5b993250
- stream: 14
  transport: udp
  src: 192.168.1.168
  dst: 31.13.66.35
  src_port: 52166
  dst_port: 443
  tls_server_name: www.facebook.com
  ja4: q13d0310h3_55b375c5d22e_cd85d2d88918
  ja4s: q130200_1301_a56c5b993250
- stream: 15
  transport: udp
  src: 192.168.1.168
  dst: 157.240.229.1
  src_port: 59444
  dst_port: 443
  tls_server_name: static.xx.fbcdn.net
  ja4: q13d0310h3_55b375c5d22e_cd85d2d88918
  ja4s: q130200_1301_a56c5b993250
- stream: 16
  transport: udp
  src: 192.168.1.168
  dst: 157.240.229.2
  src_port: 60374
  dst_port: 443
  tls_server_name: video-iad3-2.xx.fbcdn.net
  ja4: q13d0310h3_55b375c5d22e_cd85d2d88918
  ja4s: q130200_1301_a56c5b993250
- stream: 17
  transport: udp
  src: 192.168.1.168
  dst: 142.251.163.95
  src_port: 55309
  dst_port: 443
  tls_server_name: content-autofill.googleapis.com
  ja4: q13d0310h3_55b375c5d22e_cd85d2d88918
  ja4s: q130200_1301_234ea6891581
- stream: 18
  transport: udp
  src: 192.168.1.168
  dst: 142.251.163.95
  src_port: 50053
  dst_port: 443
  tls_server_name: optimizationguide-pa.googleapis.com
  ja4: q13d0310h3_55b375c5d22e_cd85d2d88918
  ja4s: q130200_1301_234ea6891581
- stream: 19
  transport: udp
  src: 192.168.1.168
  dst: 142.251.163.132
  src_port: 57188
  dst_port: 443
  tls_server_name: lh5.googleusercontent.com
  ja4: q13d0310h3_55b375c5d22e_cd85d2d88918
  ja4s: q130200_1301_234ea6891581

