---
source: ja4/src/lib.rs
expression: output
---
[]
