---
source: ja4/src/lib.rs
expression: output
---
- stream: 0
  transport: tcp
  src: 2001:db8:1::1
  dst: 2606:4700:10::6816:826
  src_port: 57098
  dst_port: 443
  tls_server_name: cloudflare-quic.com
  ja4: t13d1516h2_8daaf6152771_e5627efa2ab1
  ja4s: t130200_1301_234ea6891581
  ja4l_c: 30_64
  ja4l_s: 5749_56
  http:
  - ja4h: ge20nn16enus_0f5a7a41a252_000000000000_000000000000
- stream: 0
  transport: udp
  src: 2001:db8:1::1
  dst: 2606:4700:10::6816:826
  src_port: 50280
  dst_port: 443
  tls_server_name: cloudflare-quic.com
  ja4: q13d0310h3_55b375c5d22e_cd85d2d88918
  ja4s: q130200_1301_234ea6891581
  ja4l_c: 113_64
  ja4l_s: 9285_56

